main.c:134:15:get_col_val	24	static
main.c:156:15:key_pressed	24	static
main.c:190:6:mode_switch_reset	8	static
main.c:238:6:change_line	8	static
main.c:255:6:clean_LCD	8	static
main.c:263:6:display_mode	24	static
main.c:281:6:choose_mode	112	static
main.c:303:6:choose_setup	120	static
main.c:328:6:get_parameter	152	static
main.c:429:6:check_limit_min	40	static
main.c:441:6:check_limit_max	40	static
main.c:452:6:check_collision	40	static
main.c:474:6:check_ultra_out	32	static
main.c:491:6:check_ultra_in	32	static
main.c:512:6:accle	16	static
main.c:518:6:deccle	16	static
main.c:523:6:quick_accle	4	static
main.c:528:6:quick_deccle	4	static
main.c:534:6:clk_rotate	8	static
main.c:556:6:counter_clk_rotate	8	static
main.c:577:6:no_rotate	8	static
main.c:590:5:main	96	static
main.c:847:6:SystemClock_Config	88	static
main.c:887:13:MX_TIM2_Init	48	static
main.c:945:13:MX_TIM3_Init	64	static
main.c:1008:13:MX_USART6_UART_Init	8	static
main.c:1041:13:MX_GPIO_Init	48	static
main.c:1133:6:HAL_GPIO_EXTI_Callback	24	static
main.c:1276:6:Error_Handler	4	static,ignoring_inline_asm
